// Jest Snapshot v1, https://goo.gl/fbAQLP

exports[`CardItemActionListComponent should project the content and render the template correctly 1`] = `
<div
  id="root0"
  ng-version="19.2.9"
>
  <app-card-item-action-list>
    <div
      class="flex flex-col xl:items-center xl:flex-row space-y-3 xl:space-y-0 xl:space-x-3"
    >
      <button>
        Should be projected
      </button>
      <button>
        Should be projected
      </button>
    </div>
  </app-card-item-action-list>
</div>
`;
