// Jest Snapshot v1, https://goo.gl/fbAQLP

exports[`LogItemComponent should render the template correctly 1`] = `
<div
  id="root0"
  ng-version="19.2.9"
>
  <app-log-item>
    <div
      class="flex flex-col px-2 gap-y-2"
    >
      <div
        class="flex flex-row justify-between"
      >
        <strong />
        <time
          datetime=""
        />
      </div>
      <p />
    </div>
  </app-log-item>
</div>
`;
