// Jest Snapshot v1, https://goo.gl/fbAQLP

exports[`MapSearchInputFormControlComponent should render the template correctly when the VM is provided 1`] = `
<app-map-search-input-form-control
  class="ng-untouched ng-dirty ng-invalid"
  ng-reflect-default-center="[object Object]"
  ng-reflect-form="[object Object]"
  ng-reflect-vm="[object Object]"
>
  <div
    appclickoutside=""
    class="w-full relative"
    ng-reflect-attached-callback="() => this.isOpened.set(false)"
  >
    <div
      class="flex flex-row w-full"
    >
      <input
        appelementref=""
        class="w-full bg-white p-4 h-12 border-r-0 border ng-untouched ng-pristine ng-valid"
        ng-reflect-form="[object Object]"
        ng-reflect-signal="[Signal: null]"
        placeholder="place"
        type="text"
      />
      <div
        class="h-12 bg-white flex items-center px-4 border-l-0 border"
      >
        <mat-icon
          aria-hidden="true"
          class="mat-icon notranslate material-icons mat-ligature-font mat-icon-no-color"
          data-mat-icon-type="font"
          role="img"
        >
          search
        </mat-icon>
      </div>
    </div>
    <!--container-->
  </div>
  <!--container-->
</app-map-search-input-form-control>
`;
