// Jest Snapshot v1, https://jestjs.io/docs/snapshot-testing

exports[`DeleteDialogComponent when the vm is correct should render the content 1`] = `
<div
  id="root1"
  ng-version="20.1.7"
>
  <app-dialog-layout
    class="w-80 md:w-96 block"
  >
    <section
      class="p-4 md:p-10 rounded-lg shadow-md transition-all duration-100 bg-white space-y-5 flex flex-col"
    >
      <div
        class="flex justify-between"
      >
        <h3
          class="text-3xl"
        >
           tit 
        </h3>
        <app-button>
          <button
            class="btn btn-primary btn-square"
          >
            <!--container-->
            <mat-icon
              aria-hidden="true"
              class="mat-icon notranslate material-icons mat-ligature-font mat-icon-no-color"
              data-mat-icon-type="font"
              role="img"
            >
               add 
            </mat-icon>
            <!--container-->
          </button>
        </app-button>
      </div>
      <div
        class="space-y-4"
      >
        <h3
          class="text-lg"
        >
           warning 
        </h3>
      </div>
      <div
        class="ml-auto join"
      >
        <app-button>
          <button
            class="btn btn-primary btn-square"
          >
            <!--container-->
            <mat-icon
              aria-hidden="true"
              class="mat-icon notranslate material-icons mat-ligature-font mat-icon-no-color"
              data-mat-icon-type="font"
              role="img"
            >
               add 
            </mat-icon>
            <!--container-->
          </button>
        </app-button>
        <app-button>
          <button
            class="btn btn-primary btn-square"
          >
            <!--container-->
            <mat-icon
              aria-hidden="true"
              class="mat-icon notranslate material-icons mat-ligature-font mat-icon-no-color"
              data-mat-icon-type="font"
              role="img"
            >
               add 
            </mat-icon>
            <!--container-->
          </button>
        </app-button>
      </div>
    </section>
    <!--container-->
  </app-dialog-layout>
  <!--container-->
  <!--container-->
</div>
`;

exports[`DeleteDialogComponent when the vm is not correct should not render the content if not DeleteDialogVM is provided 1`] = `
<div
  id="root0"
  ng-version="20.1.7"
>
  <!--container-->
</div>
`;
