// Jest Snapshot v1, https://goo.gl/fbAQLP

exports[`OrdersNewPageComponent should not render the template when the VM is not provided 1`] = `
<div
  id="root0"
  ng-version="18.2.8"
>
  <!--container-->
</div>
`;

exports[`OrdersNewPageComponent should render the template when the VM is provided 1`] = `
<div
  id="root1"
  ng-version="18.2.8"
>
  <app-frame
    ng-reflect-vm="[object Object]"
  >
    <section
      class="flex flex-col gap-y-10 py-20 mx-5 sm:mx-20 lg:mx-40"
    >
      <h2>
        ftitle
      </h2>
      <form
        class="flex flex-col justify-center space-y-4 ng-untouched ng-pristine ng-invalid"
        ng-reflect-form="[object Object]"
        novalidate=""
      >
        <app-maps
          class="ng-untouched ng-pristine ng-invalid"
          formcontrolname="coordinates"
          ng-reflect-config-v-m="[object Object]"
          ng-reflect-name="coordinates"
        >
          <div
            id="map-canvas"
            style="width: 100%; height: 80vh;"
          />
        </app-maps>
        <div
          class="flex flex-row justify-between"
        >
          <button
            class="btn disabled"
            disabled=""
            ng-reflect-ng-class="disabled"
            type="button"
          >
             delete 
          </button>
          <button
            class="btn disabled"
            disabled=""
            ng-reflect-ng-class="disabled"
            type="submit"
          >
             submit 
          </button>
        </div>
      </form>
    </section>
    <!--container-->
  </app-frame>
  <!--container-->
</div>
`;
