// Jest Snapshot v1, https://goo.gl/fbAQLP

exports[`ProgressLogItemComponent should project the content and render the template correctly 1`] = `
<div
  id="root0"
  ng-version="19.2.9"
>
  <app-progress-log-item>
    <div
      class="flex flex-row justify-between items-center px-2 py-1 space-x-4 w-full"
    >
      <div
        class="break-all"
      >
        <div
          class="font-medium text-sm"
        >
          <h3>
            Should be projected
          </h3>
        </div>
        <div
          class="text-gray-600 font-light text-sm"
        >
          <p>
            Should be projected
          </p>
        </div>
      </div>
      <div
        class="text-gray-600 font-light text-sm"
      >
        <time
          datetime=""
        >
          Should be projected
        </time>
      </div>
    </div>
  </app-progress-log-item>
</div>
`;
