// Jest Snapshot v1, https://jestjs.io/docs/snapshot-testing

exports[`GridComponent should render the template correctly 1`] = `
<div
  id="root0"
  ng-version="20.1.7"
>
  <app-grid>
    <div
      class="grid gap-4 col-span-full grid-cols-6"
    />
  </app-grid>
</div>
`;
